// Jest Snapshot v1, https://goo.gl/fbAQLP

exports[`<BillingInfo /> should match snapshot 1`] = `
<div
  className="billing-info"
>
  <form
    className="billing-info__form"
    onSubmit={[Function]}
  >
    <div
      className="billing-info__input-wrapper"
    >
      <label
        htmlFor="first-name"
      >
        first name*
      </label>
      <input
        className="billing-info__input"
        name="billing-info"
        required={true}
        type="text"
      />
    </div>
    <div
      className="billing-info__input-wrapper"
    >
      <label
        htmlFor="last-name"
      >
        last name*
      </label>
      <input
        className="billing-info__input"
        name="billing-info"
        required={true}
        type="text"
      />
    </div>
    <div
      className="billing-info__input-wrapper"
    >
      <label
        htmlFor="company"
      >
        company
      </label>
      <input
        className="billing-info__input"
        name="billing-info"
        type="text"
      />
    </div>
    <div
      className="billing-info__input-wrapper"
    >
      <label
        htmlFor="e-mail"
      >
        e-mail address*
      </label>
      <input
        className="billing-info__input"
        name="billing-info"
        required={true}
        type="email"
      />
    </div>
    <div
      className="billing-info__input-wrapper"
    >
      <label
        htmlFor="address1"
      >
        address 1
      </label>
      <input
        className="billing-info__input"
        name="billing-info"
        type="text"
      />
    </div>
    <div
      className="billing-info__input-wrapper"
    >
      <label
        htmlFor="address2"
      >
        address 2
      </label>
      <input
        className="billing-info__input"
        name="billing-info"
        type="text"
      />
    </div>
    <div
      className="billing-info-selector-wrapper"
    >
      <h5>
        country
      </h5>
      <div
        className="billing-info-selector-container"
      >
        <CountryDropdown
          blacklist={Array []}
          class="billing-info-selector-container__selector"
          classes=""
          defaultOptionLabel="Select Country"
          disabled={false}
          id=""
          labelType="full"
          name="rcrs-country"
          onBlur={[Function]}
          onChange={[Function]}
          priorityOptions={Array []}
          showDefaultOption={true}
          value=""
          valueType="full"
          whitelist={Array []}
        />
        <i
          className="sort icon billing-info-selector-container__icon"
        />
      </div>
    </div>
    <div
      className="billing-info__input-wrapper"
    >
      <label
        htmlFor="city"
      >
        city
      </label>
      <input
        className="billing-info__input"
        name="billing-info"
        type="text"
      />
    </div>
    <div
      className="billing-info-selector-wrapper"
    >
      <h5
        className="billing-info-selector__title"
      >
        region
      </h5>
      <div
        className="billing-info-selector-container"
      >
        <RegionDropdown
          blankOptionLabel="-"
          class="billing-info-selector-container__selector"
          classes=""
          country=""
          countryValueType="full"
          customOptions={Array []}
          defaultOptionLabel="Select Region"
          disableWhenEmpty={false}
          disabled={false}
          id=""
          labelType="full"
          name="rcrs-region"
          onBlur={[Function]}
          onChange={[Function]}
          showDefaultOption={true}
          value=""
          valueType="full"
        />
        <i
          className="sort icon billing-info-selector-container__icon"
        />
      </div>
    </div>
    <div
      className="billing-info__input-wrapper"
    >
      <label
        htmlFor="zipcode"
      >
        zip / postal code*
      </label>
      <input
        className="billing-info__input"
        name="billing-info"
        required={true}
        type="number"
      />
    </div>
    <div
      className="billing-info__input-wrapper"
    >
      <label
        htmlFor="phone"
      >
        phone
      </label>
      <input
        className="billing-info__input"
        name="billing-info"
        type="number"
      />
    </div>
    <div
      className="billing-info__input-wrapper"
    >
      <label
        htmlFor="fax"
      >
        fax
      </label>
      <input
        className="billing-info__input"
        name="billing-info"
        type="number"
      />
    </div>
    <div
      className="billing-info__input-wrapper"
    >
      <label
        htmlFor="password"
      >
        password*
      </label>
      <input
        className="billing-info__input"
        name="billing-info"
        onBlur={[Function]}
        required={true}
        type="password"
      />
    </div>
    <div
      className="billing-info__input-wrapper"
    >
      <label
        htmlFor="password"
      >
        confirm password*
      </label>
      <input
        className="billing-info__input"
        name="billing-info"
        required={true}
        type="password"
      />
    </div>
  </form>
  <form
    className="billing-info__radiobtns-form"
  >
    <div
      className="billing-info__radiobtn"
    >
      <input
        checked={true}
        className="billing-info__radiobtn-input"
        name="ship-to-this-address"
        onChange={[Function]}
        type="radio"
        value="ship-to-this-address"
      />
      <label
        htmlFor="ship-to-this-address"
      >
        Ship to this address
      </label>
    </div>
    <div
      className="billing-info__radiobtn"
    >
      <input
        className="billing-info__radiobtn-input"
        name="ship-to-this-address"
        onChange={[Function]}
        type="radio"
        value="ship-to-different-address"
      />
      <label
        htmlFor="guest"
      >
        Ship to a different address
      </label>
    </div>
  </form>
  <div
    className="billing-info__checkbox-wrapper"
  >
    <input
      className="billing-info__radiobtn-input"
      onChange={[Function]}
      type="checkbox"
    />
    I want to subscribe to the newsletter
  </div>
  <Button
    className="black-button"
    icon={null}
    onClick={[Function]}
  >
    continue
  </Button>
</div>
`;
