// Jest Snapshot v1, https://goo.gl/fbAQLP

exports[`<WebsiteNavigation /> should match snapshot 1`] = `
<div
  className="website-navigation__wrapper content undefined"
>
  <div
    className="website-navigation__pathname"
  >
    Home
    /
  </div>
  <Button
    className="website-navigation__button"
    icon={null}
    onClick={[Function]}
  >
    &lt; Return to the previous page
  </Button>
</div>
`;
