// Jest Snapshot v1, https://goo.gl/fbAQLP

exports[`<Carousel /> should match snapshot 1`] = `
<Carousel>
  <div
    className="carousel content"
  >
    <button
      className="carousel__left-nav carousel__nav-disabled carousel__nav"
      onClick={[Function]}
      type="button"
    >
      <i
        className="carousel__arrow-button chevron left icon"
      />
    </button>
    <div
      className="carousel__viewport"
      onScroll={[Function]}
    >
      <div
        key="1"
      >
        hello1 
      </div>
      <div
        key="2"
      >
        hello 2
      </div>
      <div
        key="3"
      >
        hello3 
      </div>
      <div
        key="4"
      >
        hello 4
      </div>
      <div
        key="5"
      >
        hello 5
      </div>
      <div
        key="6"
      >
        hello 6
      </div>
      <div
        key="7"
      >
        hello 7
      </div>
    </div>
    <button
      className="carousel__right-nav carousel__nav-disabled carousel__nav"
      onClick={[Function]}
      type="button"
    >
      <i
        className="carousel__arrow-button chevron right icon"
      />
    </button>
  </div>
</Carousel>
`;
