// Jest Snapshot v1, https://goo.gl/fbAQLP

exports[`<Dropdown /> should match snapshot 1`] = `
<div
  aria-expanded={false}
  className="dropdown"
  onClick={[Function]}
>
  <span
    className="dropdown__selected"
  >
    USD
  </span>
  <ul
    className="dropdown__items"
  >
    <li
      key="USD"
      value="USD"
    >
      <button
        className="dropdown__items__element"
        onClick={[Function]}
        selectednum={0}
        type="button"
      >
        USD
      </button>
    </li>
    <li
      key="EURO"
      value="EURO"
    >
      <button
        className="dropdown__items__element"
        onClick={[Function]}
        selectednum={1}
        type="button"
      >
        EURO
      </button>
    </li>
    <li
      key="UAH"
      value="UAH"
    >
      <button
        className="dropdown__items__element"
        onClick={[Function]}
        selectednum={2}
        type="button"
      >
        UAH
      </button>
    </li>
  </ul>
  <i
    className="caret down icon"
  />
</div>
`;
