// Jest Snapshot v1, https://goo.gl/fbAQLP

exports[`<Slideshow /> should render component <Slideshow /> 1`] = `
<div
  className="slideshow"
  onMouseEnter={[Function]}
  onMouseLeave={[Function]}
>
  <arrowButton
    className="slideshow__arrow-button"
    onClick={[Function]}
    type="left"
  />
  <arrowButton
    className="slideshow__arrow-button"
    onClick={[Function]}
    type="right"
  />
  <div
    className="slideshow-slides transition transitionCarousel"
    onTransitionEnd={[Function]}
    style={
      Object {
        "transform": "translateX(-16.666666666666668%)",
      }
    }
  >
    <SlideContainer
      animation=""
      bgImage={
        Object {
          "process": [Function],
        }
      }
      key="lastClone"
      onAnimationEnd={[Function]}
      style={Object {}}
    >
      <Component />
    </SlideContainer>
    <SlideContainer
      animation=""
      bgImage={
        Object {
          "process": [Function],
        }
      }
      key="1"
      onAnimationEnd={[Function]}
      style={Object {}}
    >
       
    </SlideContainer>
    <SlideContainer
      animation=""
      bgImage={
        Object {
          "process": [Function],
        }
      }
      key="2"
      onAnimationEnd={[Function]}
      style={Object {}}
    >
       
    </SlideContainer>
    <SlideContainer
      animation=""
      bgImage={
        Object {
          "process": [Function],
        }
      }
      key="3"
      onAnimationEnd={[Function]}
      style={Object {}}
    >
       
    </SlideContainer>
    <SlideContainer
      animation=""
      bgImage={
        Object {
          "process": [Function],
        }
      }
      key="4"
      onAnimationEnd={[Function]}
      style={Object {}}
    >
       
    </SlideContainer>
    <SlideContainer
      animation=""
      bgImage={
        Object {
          "process": [Function],
        }
      }
      key="firstClone"
      onAnimationEnd={[Function]}
      style={Object {}}
    >
      <Component />
    </SlideContainer>
  </div>
  <div
    className="slideshow-pagination"
  >
    <div
      className="slideshow-pagination__item slideshow-pagination__item--active"
      key="0"
      onClick={[Function]}
    />
    <div
      className="slideshow-pagination__item"
      key="1"
      onClick={[Function]}
    />
    <div
      className="slideshow-pagination__item"
      key="2"
      onClick={[Function]}
    />
    <div
      className="slideshow-pagination__item"
      key="3"
      onClick={[Function]}
    />
  </div>
</div>
`;
