// Jest Snapshot v1, https://goo.gl/fbAQLP

exports[`<BurgerMenu /> should match snapshot 1`] = `
<div
  className="burger-menu"
>
  <nav
    className="burger-menu__navigation"
  >
    <input
      id="burger-menu__button"
      type="checkbox"
    />
    <label
      className="burger-menu__image"
      htmlFor="burger-menu__button"
      title="Navigation"
    >
      ☰
    </label>
    <ul
      className="burger-menu__list"
    >
      <li
        className="burger-menu__list-item"
        key="woman"
      >
        <Link
          className="burger-menu__link"
          to="404"
        >
          woman
        </Link>
      </li>
      <li
        className="burger-menu__list-item"
        key="man"
      >
        <Link
          className="burger-menu__link"
          to="404"
        >
          man
        </Link>
      </li>
      <li
        className="burger-menu__list-item"
        key="kids"
      >
        <Link
          className="burger-menu__link"
          to="404"
        >
          kids
        </Link>
      </li>
      <li
        className="burger-menu__list-item"
        key="accessories"
      >
        <Link
          className="burger-menu__link"
          to="404"
        >
          accessories
        </Link>
      </li>
      <li
        className="burger-menu__list-item"
        key="what's new"
      >
        <Link
          className="burger-menu__link"
          to="404"
        >
          what's new
        </Link>
      </li>
      <li
        className="burger-menu__list-item"
        key="brands"
      >
        <Link
          className="burger-menu__link"
          to="404"
        >
          brands
        </Link>
      </li>
      <li
        className="burger-menu__list-item"
        key="sale"
      >
        <Link
          className="burger-menu__link"
          to="404"
        >
          sale
        </Link>
      </li>
      <li
        className="burger-menu__list-item"
        key="blog"
      >
        <Link
          className="burger-menu__link"
          to="404"
        >
          blog
        </Link>
      </li>
    </ul>
  </nav>
</div>
`;
