// Jest Snapshot v1, https://goo.gl/fbAQLP

exports[`<Header /> should match snapshot 1`] = `
<header
  className="header"
>
  <div
    className="wrapper color-secondary"
  >
    <PageSettings />
  </div>
  <div
    className="header__heading-search-cart-container content"
  >
    <Link
      to="/home"
    >
      <h2
        className="header__title"
      >
        The shop
      </h2>
    </Link>
    <div
      className="header__buttons-container"
    >
      <BurgerMenu
        menuItemsList={
          Array [
            Object {
              "itemName": "women",
              "url": "women",
            },
            Object {
              "itemName": "man",
              "url": "404",
            },
            Object {
              "itemName": "kids",
              "url": "404",
            },
            Object {
              "itemName": "accessories",
              "url": "404",
            },
            Object {
              "itemName": "what's new",
              "url": "404",
            },
            Object {
              "itemName": "brands",
              "url": "404",
            },
            Object {
              "itemName": "sale",
              "url": "404",
            },
            Object {
              "itemName": "blog",
              "url": "404",
            },
          ]
        }
      />
      <Input
        customClass="header__search-input"
        icon="search"
      >
        Search
      </Input>
      <Link
        to="/404"
      >
        <Button
          customClass="header__cart-btn"
          icon="cart"
          onClickFunction={null}
        >
          Cart (0)
        </Button>
      </Link>
    </div>
  </div>
  <PageNavigation
    options={
      Array [
        Object {
          "label": "women",
          "link": "/women",
          "value": "women",
        },
        Object {
          "label": "men",
          "link": "/men",
          "value": "men",
        },
        Object {
          "label": "kids",
          "link": "/kids",
          "value": "kids",
        },
        Object {
          "label": "accessories",
          "link": "/404",
          "value": "accs",
        },
        Object {
          "label": "what's new",
          "link": "/404",
          "value": "new",
        },
        Object {
          "label": "brands",
          "link": "/404",
          "value": "brands",
        },
        Object {
          "label": "sale",
          "link": "/404",
          "value": "sale",
        },
        Object {
          "label": "blog",
          "link": "/404",
          "value": "blog",
        },
      ]
    }
  />
</header>
`;
