// Jest Snapshot v1, https://goo.gl/fbAQLP

exports[`<Header /> should match snapshot 1`] = `
<div>
  <h1>
    Header
  </h1>
  <ul>
    <li>
      <Link
        to="/home"
      >
        Home Page
      </Link>
    </li>
    <li>
      <Link
        to="/products"
      >
        Product List Page
      </Link>
    </li>
    <li>
      <Link
        to="/counter"
      >
        Counter
      </Link>
    </li>
  </ul>
</div>
`;
