// Jest Snapshot v1, https://goo.gl/fbAQLP

exports[`should receive the state from the store 1`] = `
<ItemsList
  addToWishlist={[Function]}
  ascendingOrder={true}
  categoryName="products"
  error={null}
  itemList={Array []}
  itemsOnPage={6}
  onGetProductsError={[Function]}
  onGetProductsSuccess={[Function]}
  orderType="Position"
  removeFromWishlist={[Function]}
  store={
    Object {
      "clearActions": [Function],
      "dispatch": [Function],
      "getActions": [Function],
      "getState": [Function],
      "replaceReducer": [Function],
      "subscribe": [Function],
    }
  }
/>
`;
