// Jest Snapshot v1, https://goo.gl/fbAQLP

exports[`<ItemsList /> should match snapshot 1`] = `
<div
  className="items-container"
>
  <Connect(ProductItem)
    key="Awesome dress"
    product={
      Object {
        "category": "women",
        "collection": "spring collection 2016",
        "id": "1",
        "image": "https://img.ans-media.com/files/sc_staging_images/product/full_img_2033080.jpg",
        "label": "sale",
        "price": "199",
        "sizes": "[S, M, L]",
        "title": "Awesome dress",
      }
    }
  />
  <Connect(ProductItem)
    key="Beautiful dress"
    product={
      Object {
        "category": "women",
        "collection": "spring collection 2016",
        "id": "2",
        "image": "https://img.ans-media.com/files/sc_staging_images/product/large_img_2033076.jpg",
        "label": "new",
        "price": "299",
        "sizes": "[S, M, L]",
        "title": "Beautiful dress",
      }
    }
  />
  <Connect(ProductItem)
    key="Amazing dress"
    product={
      Object {
        "category": "women",
        "collection": "spring collection 2016",
        "id": "3",
        "image": "https://img.ans-media.com/files/sc_staging_images/product/large_img_2033787.jpg",
        "label": "",
        "price": "399",
        "sizes": "[M, L]",
        "title": "Amazing dress",
      }
    }
  />
</div>
`;
