// Jest Snapshot v1, https://goo.gl/fbAQLP

exports[`<ProductListNavigation /> should match snapshot 1`] = `
<div
  className="product-list__dropdowns-wrapper"
>
  <div
    className="product-list__dropdowns-labels-wrapper"
  >
    <span
      className="product-list__dropdowns-labels"
    >
      sort by
    </span>
    <Dropdown
      className=""
      menuOptions={
        Array [
          Object {
            "label": "Position",
            "value": "Position",
          },
          Object {
            "label": "Price",
            "value": "Price",
          },
          Object {
            "label": "Name",
            "value": "Name",
          },
        ]
      }
      onDropdownChange={[Function]}
      placeholder=""
      value="Position"
    />
    <Button
      customClass="product-list__arrow-btn"
      icon="arrow down"
      onClick={[Function]}
      onClickFunction={[MockFunction]}
    />
  </div>
  <div
    className="product-list__dropdowns-labels-wrapper"
  >
    <span
      className="product-list__dropdowns-labels"
    >
      items on page
    </span>
    <Dropdown
      className=""
      menuOptions={
        Array [
          Object {
            "label": "6",
            "value": "6",
          },
          Object {
            "label": "9",
            "value": "9",
          },
          Object {
            "label": "12",
            "value": "12",
          },
        ]
      }
      onDropdownChange={[Function]}
      placeholder=""
      value="6"
    />
  </div>
</div>
`;
