// Jest Snapshot v1, https://goo.gl/fbAQLP

exports[`<AccordionItem /> should match snapshot <AccordionItem /> 1`] = `
<div
  className="accordion-item"
>
  <div
    className="accordion-item__header"
    onClick={[Function]}
  >
    <h4>
      hello
    </h4>
    <i
      className="caret right icon"
    />
  </div>
  <div
    className="accordion-item__description accordion-item__description--hide"
    style={Object {}}
  >
    Architecto, earum temporibus quidem ex eaque unde harum sit, deleniti tempore
  </div>
</div>
`;
