// Jest Snapshot v1, https://goo.gl/fbAQLP

exports[`<Accordion /> should match snapshot <Accordion /> 1`] = `
<div
  className="accordion"
>
  <AccordionItem
    description=" Architecto, earum temporibus quidem ex eaque unde harum sit, 
      deleniti tempore laboriosam neque cumque!Architecto, earum temporibus 
      quidem ex eaque unde harum sit, deleniti tempore laboriosam neque cumque!"
    height="100px"
    hide={true}
    key="1"
    onClick={[Function]}
    scroll={false}
    title="description"
  />
  <AccordionItem
    description="Lorem ipsum dolor sit amet consectetur adipisicing elit. 
      "
    height="100px"
    hide={true}
    key="2"
    onClick={[Function]}
    scroll={false}
    title="additional info"
  />
  <AccordionItem
    description="Earum temporibus quidem ex eaque unde harum sit, 
      "
    height="100px"
    hide={true}
    key="3"
    onClick={[Function]}
    scroll={false}
    title="tags"
  />
</div>
`;
