// Jest Snapshot v1, https://goo.gl/fbAQLP

exports[`<ProductOrder /> should match snapshot 1`] = `
<div
  className="product-order"
>
  <h2
    className="product-order__heading"
  />
  <p
    className="product-order__description"
  />
  <span
    className="product-order__price"
  />
  <div
    className="product-order__dropdowns-wrapper"
  >
    <Dropdown
      className=""
      menuOptions={
        Array [
          Object {
            "label": "size:",
            "value": "size:",
          },
          Object {
            "label": "s",
            "value": "s",
          },
          Object {
            "label": "m",
            "value": "m",
          },
          Object {
            "label": "l",
            "value": "l",
          },
          Object {
            "label": "xl",
            "value": "xl",
          },
        ]
      }
      onDropdownChange={[Function]}
      placeholder="size:"
      value=""
    />
    <Dropdown
      className=""
      menuOptions={
        Array [
          Object {
            "label": "color:",
            "value": "color:",
          },
          Object {
            "label": "white",
            "value": "white",
          },
          Object {
            "label": "pink",
            "value": "pink",
          },
          Object {
            "label": "black",
            "value": "black",
          },
        ]
      }
      onDropdownChange={[Function]}
      placeholder="color:"
      value=""
    />
    <Dropdown
      className=""
      menuOptions={
        Array [
          Object {
            "label": "qty:",
            "value": "qty:",
          },
          Object {
            "label": "1",
            "value": "1",
          },
          Object {
            "label": "2",
            "value": "2",
          },
          Object {
            "label": "3",
            "value": "3",
          },
          Object {
            "label": "4",
            "value": "4",
          },
          Object {
            "label": "5",
            "value": "5",
          },
          Object {
            "label": "6",
            "value": "6",
          },
          Object {
            "label": "7",
            "value": "7",
          },
          Object {
            "label": "8",
            "value": "8",
          },
          Object {
            "label": "9",
            "value": "9",
          },
          Object {
            "label": "10",
            "value": "10",
          },
        ]
      }
      onDropdownChange={[Function]}
      placeholder="qty:"
      value=""
    />
  </div>
  <div
    className="product-order__buttons-wrapper"
  >
    <Link
      to="/cart"
    >
      <Button
        className="product-order__cart-btn"
        customClass={null}
        icon={null}
        onClick={[Function]}
      >
        add to cart
      </Button>
    </Link>
    <Link
      to="/wishlist"
    >
      <Button
        className="product-order__wishlist-btn"
        customClass={null}
        icon="heart"
        onClick={[Function]}
      >
        wishlist
      </Button>
    </Link>
  </div>
</div>
`;
