// Jest Snapshot v1, https://goo.gl/fbAQLP

exports[`<Carousel /> should match snapshot 1`] = `
<Carousel
  className=""
  visibleNumOfSlides={
    Object {
      "desktop": 3,
      "mobile": 3,
      "tablet": 3,
    }
  }
>
  <div
    className="carousel"
  >
    <div
      className="carousel-container"
      onScroll={[Function]}
    >
      <div
        className="carousel__viewport"
      >
        <div
          className="carousel__child"
          key="box1"
          style={
            Object {
              "width": "undefinedpx",
            }
          }
        >
          <div
            key="box1"
          >
            <div
              key="child1"
            >
              hello1 
            </div>
          </div>
        </div>
        <div
          className="carousel__child"
          key="box2"
          style={
            Object {
              "width": "undefinedpx",
            }
          }
        >
          <div
            key="box2"
          >
            <div
              key="child2"
            >
              hello 2
            </div>
          </div>
        </div>
        <div
          className="carousel__child"
          key="box3"
          style={
            Object {
              "width": "undefinedpx",
            }
          }
        >
          <div
            key="box3"
          >
            <div
              key="child3"
            >
              hello3 
            </div>
          </div>
        </div>
        <div
          className="carousel__child"
          key="box4"
          style={
            Object {
              "width": "undefinedpx",
            }
          }
        >
          <div
            key="box4"
          >
            <div
              key="child4"
            >
              hello 4
            </div>
          </div>
        </div>
        <div
          className="carousel__child"
          key="box5"
          style={
            Object {
              "width": "undefinedpx",
            }
          }
        >
          <div
            key="box5"
          >
            <div
              key="child5"
            >
              hello 5
            </div>
          </div>
        </div>
        <div
          className="carousel__child"
          key="box6"
          style={
            Object {
              "width": "undefinedpx",
            }
          }
        >
          <div
            key="box6"
          >
            <div
              key="child6"
            >
              hello 6
            </div>
          </div>
        </div>
        <div
          className="carousel__child"
          key="box7"
          style={
            Object {
              "width": "undefinedpx",
            }
          }
        >
          <div
            key="box7"
          >
            <div
              key="child7"
            >
              hello 7
            </div>
          </div>
        </div>
      </div>
    </div>
    <button
      className="carousel__nav carousel__nav-from carousel__nav-disabled carousel__left-nav"
      onClick={[Function]}
      type="button"
    >
      <i
        className="carousel__arrow-button angle icon left"
      />
    </button>
    <button
      className="carousel__nav carousel__nav-to carousel__nav-disabled carousel__right-nav"
      onClick={[Function]}
      type="button"
    >
      <i
        className="carousel__arrow-button angle icon right"
      />
    </button>
  </div>
</Carousel>
`;
