// Jest Snapshot v1, https://goo.gl/fbAQLP

exports[`<Carousel /> should match snapshot 1`] = `
<Carousel>
  <div
    className="carousel content content__mobile-width"
  >
    <button
      className="carousel__nav carousel__left-nav carousel__nav-disabled"
      onClick={[Function]}
      type="button"
    >
      <i
        className="carousel__arrow-button chevron left icon"
      />
    </button>
    <div
      className="carousel__viewport"
      onScroll={[Function]}
    >
      <div
        className="carousel__child"
        key="1"
        style={
          Object {
            "maxWidth": undefined,
          }
        }
      >
        <div
          key="1"
        >
          <div
            key="1"
          >
            hello1 
          </div>
        </div>
      </div>
      <div
        className="carousel__child"
        key="2"
        style={
          Object {
            "maxWidth": undefined,
          }
        }
      >
        <div
          key="2"
        >
          <div
            key="2"
          >
            hello 2
          </div>
        </div>
      </div>
      <div
        className="carousel__child"
        key="3"
        style={
          Object {
            "maxWidth": undefined,
          }
        }
      >
        <div
          key="3"
        >
          <div
            key="3"
          >
            hello3 
          </div>
        </div>
      </div>
      <div
        className="carousel__child"
        key="4"
        style={
          Object {
            "maxWidth": undefined,
          }
        }
      >
        <div
          key="4"
        >
          <div
            key="4"
          >
            hello 4
          </div>
        </div>
      </div>
      <div
        className="carousel__child"
        key="5"
        style={
          Object {
            "maxWidth": undefined,
          }
        }
      >
        <div
          key="5"
        >
          <div
            key="5"
          >
            hello 5
          </div>
        </div>
      </div>
      <div
        className="carousel__child"
        key="6"
        style={
          Object {
            "maxWidth": undefined,
          }
        }
      >
        <div
          key="6"
        >
          <div
            key="6"
          >
            hello 6
          </div>
        </div>
      </div>
      <div
        className="carousel__child"
        key="7"
        style={
          Object {
            "maxWidth": undefined,
          }
        }
      >
        <div
          key="7"
        >
          <div
            key="7"
          >
            hello 7
          </div>
        </div>
      </div>
    </div>
    <button
      className="carousel__right-nav carousel__nav carousel__nav-disabled"
      onClick={[Function]}
      type="button"
    >
      <i
        className="carousel__arrow-button chevron right icon"
      />
    </button>
  </div>
</Carousel>
`;
