// Jest Snapshot v1, https://goo.gl/fbAQLP

exports[`<Notifications /> should match snapshot 1`] = `
<div
  className="notifications info"
  color="info"
  onClick={[Function]}
>
  <div>
    <h4
      className="notifications__title"
    >
      Info
    </h4>
    <div
      className="notifications__notification-message-box"
      role="alert"
    >
      <div
        className="notifications__message"
      >
        Information is processing
      </div>
    </div>
  </div>
</div>
`;
