// Jest Snapshot v1, https://goo.gl/fbAQLP

exports[`Rendering without crushing Rendering without crushing 1`] = `
<form
  className="join-us"
>
  <label
    className="join-us__title"
    htmlFor="email"
  >
    newsletter
  </label>
  <div
    className="join-us-wrapper"
  >
    <div
      className="input-wrapper"
    >
      <input
        className="email-input warning"
        name="email"
        onChange={[Function]}
        required={true}
        type="email"
        value=""
      />
      <button
        className="btn"
        type="submit"
      >
        <i
          className="chevron right icon"
        />
      </button>
    </div>
  </div>
</form>
`;
