// Jest Snapshot v1, https://goo.gl/fbAQLP

exports[`<ProductDetailsPage /> should match snapshot 1`] = `
<Fragment>
  <Button
    className="go-back-btn"
    icon="arrow left"
    onClick={[Function]}
  >
    Go Back
  </Button>
  <div
    className="product-details content"
  >
    <ProductImage
      className="product-details-images"
      images={Array []}
      verticalCarousel={false}
    />
    <div
      className="product-details-description"
    >
      <ProductOrder
        className="product-details-description__product-order"
        colors={Array []}
        description=""
        onClickAddToWishlist={[Function]}
        price="$"
        quantity={Array []}
        sizes={Array []}
        title=""
      />
      <div
        className="product-details-description-accordion"
      >
        <Accordion
          className="product-details__accordion"
          data={
            Array [
              Object {
                "description": " Architecto, earum temporibus quidem ex eaque unde harum sit, 
      deleniti tempore laboriosam neque cumque!Architecto, earum temporibus 
      quidem ex eaque unde harum sit, deleniti tempore laboriosam neque cumque!",
                "id": 1,
                "isHidden": false,
                "title": "description",
              },
              Object {
                "description": "Lorem ipsum dolor sit amet consectetur adipisicing elit. 
      ",
                "id": 2,
                "title": "additional info",
              },
              Object {
                "description": "Earum temporibus quidem ex eaque unde harum sit, 
      ",
                "id": 3,
                "title": "tags",
              },
            ]
          }
          heightItem="100px"
          open={false}
          scroll={false}
          showAll={false}
        />
        <ContactDetails
          title="share"
        />
      </div>
    </div>
  </div>
</Fragment>
`;
