// Jest Snapshot v1, https://goo.gl/fbAQLP

exports[`<ProductDetailsPage /> should match snapshot 1`] = `
<Fragment>
  <Button
    className="go-back-btn"
    icon="arrow left"
    onClick={[Function]}
  >
    Go Back
  </Button>
  <div
    className="product-details content"
  >
    <ProductImage
      className="product-details-images"
      images={Array []}
      verticalCarousel={false}
    />
    <div
      className="product-details-description"
    >
      <Connect(ProductOrder)
        className="product-details-description__product-order"
        description=""
        id={5}
        onClickAddToWishlist={[Function]}
        price="$"
        title=""
      />
      <div
        className="product-details-description-accordion"
      >
        <Accordion
          className="product-details__accordion"
          data={
            Array [
              Object {
                "description": " Architecto, earum temporibus quidem ex eaque unde harum sit, 
      deleniti tempore laboriosam neque cumque!Architecto, earum temporibus 
      quidem ex eaque unde harum sit, deleniti tempore laboriosam neque cumque!Architecto, earum temporibus quidem ex eaque unde harum sit, 
      deleniti tempore laboriosam neque cumque!Architecto, earum temporibus 
      quidem ex eaque unde harum sit, deleniti tempore laboriosam neque cumque!",
                "id": 1,
                "isHidden": false,
                "title": "description",
              },
              Object {
                "description": "Lorem ipsum dolor sit amet consectetur adipisicing elit. 
    Architecto, earum temporibus quidem ex eaque unde harum sit, 
      deleniti tempore laboriosam neque cumque!Architecto, earum temporibus 
      quidem ex eaque unde harum sit, deleniti tempore laboriosam neque cumque!
      ",
                "id": 2,
                "title": "additional info",
              },
              Object {
                "description": "Earum temporibus quidem ex eaque unde harum sit, 
      Architecto, earum temporibus quidem ex eaque unde harum sit, 
      deleniti tempore laboriosam neque cumque!Architecto, earum temporibus 
      quidem ex eaque unde harum sit, deleniti tempore laboriosam neque cumque!
      ",
                "id": 3,
                "title": "tags",
              },
            ]
          }
          heightItem="100px"
          labels={Array []}
          open={false}
          scroll={true}
          showAll={false}
        />
        <ContactDetails
          title="share"
        />
      </div>
    </div>
  </div>
</Fragment>
`;
