// Jest Snapshot v1, https://goo.gl/fbAQLP

exports[`<RegisterForm /> should match snapshot 1`] = `
<form
  className="register-form"
  onSubmit={[Function]}
>
  <span
    className="register-form__label"
  >
    create an account
  </span>
  <div
    className="register-form__wrapper"
  >
    <div
      className="register-form__personal-information register-form__wrapper__personal-information"
    >
      <h3>
        personal information
      </h3>
      <div
        className="register-form__field"
      >
        <label
          className="register-form__field__label"
          htmlFor="firstName"
        >
          first name*
        </label>
        <input
          className="register-form__field__input"
          name="firstName"
          onChange={[Function]}
          required={true}
          type="text"
        />
      </div>
      <div
        className="register-form__field"
      >
        <label
          className="register-form__field__label"
        >
          last name*
        </label>
        <input
          className="register-form__field__input"
          name="lastName"
          onChange={[Function]}
          required={true}
          type="text"
        />
      </div>
      <div
        className="register-form__field"
      >
        <label
          className="register-form__field__label"
        >
          e-mail*
        </label>
        <input
          className="register-form__field__input"
          defaultValue=""
          id="email"
          name="email"
          onChange={[Function]}
          required={true}
          type="email"
        />
      </div>
      <div
        className="register-form__field"
      >
        <label
          className="register-form__field__label"
        >
          password*
        </label>
        <input
          className="register-form__field__input"
          name="password"
          onChange={[Function]}
          pattern="^(?=.*[A-Za-z])(?=.*\\\\d)[A-Za-z\\\\d]{8,}$"
          required={true}
          type="password"
        />
      </div>
    </div>
    <div
      className="register-form__address-information register-form__wrapper__address-information"
    >
      <h3>
        address information
      </h3>
      <div
        className="register-form__field"
      >
        <label
          className="register-form__field__label"
        >
          company
        </label>
        <input
          className="register-form__field__input"
          onChange={[Function]}
          type="text"
        />
      </div>
      <div
        className="register-form__field"
      >
        <label
          className="register-form__field__label"
        >
          address
        </label>
        <input
          className="register-form__field__input"
          onChange={[Function]}
          type="text"
        />
      </div>
      <div
        className="register-form__field"
      >
        <label
          className="register-form__field__label"
        >
          country
        </label>
        <CountryDropdown
          blacklist={Array []}
          className="register-form__field__country"
          classes=""
          defaultOptionLabel="Select Country"
          disabled={false}
          id=""
          labelType="full"
          name="rcrs-country"
          onBlur={[Function]}
          onChange={[Function]}
          priorityOptions={Array []}
          showDefaultOption={true}
          value=""
          valueType="full"
          whitelist={Array []}
        />
      </div>
      <div
        className="register-form__field"
      >
        <label
          className="register-form__field__label"
        >
          region
        </label>
        <RegionDropdown
          blankOptionLabel="-"
          className="register-form__field__country"
          classes=""
          country=""
          countryValueType="full"
          customOptions={Array []}
          defaultOptionLabel="Select Region"
          disableWhenEmpty={false}
          disabled={false}
          id=""
          labelType="full"
          name="rcrs-region"
          onBlur={[Function]}
          onChange={[Function]}
          showDefaultOption={true}
          value=""
          valueType="full"
        />
      </div>
      <div
        className="register-form__field"
      >
        <label
          className="register-form__field__label"
        >
          city
        </label>
        <input
          className="register-form__field__input"
          onChange={[Function]}
          type="text"
        />
      </div>
      <div
        className="register-form__field"
      >
        <label
          className="register-form__field__label"
        >
          zip/postal code
        </label>
        <input
          className="register-form__field__input"
          onChange={[Function]}
          type="number"
        />
      </div>
      <div
        className="register-form__field"
      >
        <label
          className="register-form__field__label"
        >
          phone
        </label>
        <input
          className="register-form__field__input"
          onChange={[Function]}
          type="number"
        />
      </div>
    </div>
  </div>
  <div
    className="register-form__buttons-wrapper"
  >
    <Button
      className="black-button"
      icon={null}
      onClick={[Function]}
      type="submit"
    >
      create an account
    </Button>
    <Link
      to="/login"
    >
      Back to login
    </Link>
  </div>
</form>
`;
