// Jest Snapshot v1, https://goo.gl/fbAQLP

exports[`<RegisterForm /> should match snapshot 1`] = `
<form
  className="register-form"
  noValidate={true}
  onSubmit={[Function]}
>
  <span
    className="register-form__label"
  >
    create an account
  </span>
  <div
    className="register-form__wrapper"
  >
    <div
      className="register-form__personal-information register-form__wrapper__personal-information"
    >
      <h3>
        personal information
      </h3>
      <div
        className="register-form__field"
      >
        <label
          className="register-form__field__label"
          htmlFor="firstName"
        >
          first name*
        </label>
        <input
          className="register-form__field__input"
          name="firstName"
          noValidate={true}
          onChange={[Function]}
          type="text"
        />
      </div>
      <div
        className="register-form__field"
      >
        <label
          className="register-form__field__label"
        >
          last name*
        </label>
        <input
          className="register-form__field__input"
          name="lastName"
          noValidate={true}
          onChange={[Function]}
          type="text"
        />
      </div>
      <div
        className="register-form__field"
      >
        <label
          className="register-form__field__label"
        >
          e-mail*
        </label>
        <input
          className="register-form__field__input"
          defaultValue=""
          id="email"
          name="email"
          noValidate={true}
          onChange={[Function]}
          type="email"
        />
      </div>
      <div
        className="register-form__field"
      >
        <label
          className="register-form__field__label"
        >
          password*
        </label>
        <input
          className="register-form__field__input"
          name="password"
          noValidate={true}
          onChange={[Function]}
          type="password"
        />
      </div>
    </div>
    <div
      className="register-form__address-information register-form__wrapper__address-information"
    >
      <h3>
        address information
      </h3>
      <div
        className="register-form__field"
      >
        <label
          className="register-form__field__label"
        >
          company
        </label>
        <input
          className="register-form__field__input"
          type="text"
        />
      </div>
      <div
        className="register-form__field"
      >
        <label
          className="register-form__field__label"
        >
          address 1
        </label>
        <input
          className="register-form__field__input"
          type="text"
        />
      </div>
      <div
        className="register-form__field"
      >
        <label
          className="register-form__field__label"
        >
          address 2
        </label>
        <input
          className="register-form__field__input"
          type="text"
        />
      </div>
      <div
        className="register-form__field"
      >
        <label
          className="register-form__field__label"
        >
          country
        </label>
        <input
          className="register-form__field__input"
          type="text"
        />
      </div>
      <div
        className="register-form__field"
      >
        <label
          className="register-form__field__label"
        >
          city
        </label>
        <input
          className="register-form__field__input"
          type="text"
        />
      </div>
      <div
        className="register-form__field"
      >
        <label
          className="register-form__field__label"
        >
          zip/postal code
        </label>
        <input
          className="register-form__field__input"
          type="text"
        />
      </div>
      <div
        className="register-form__field"
      >
        <label
          className="register-form__field__label"
        >
          phone
        </label>
        <input
          className="register-form__field__input"
          type="number"
        />
      </div>
    </div>
  </div>
  <div
    className="register-form__buttons-wrapper"
  >
    <button
      className="black-button"
      type="submit"
    >
      create an account
    </button>
    <Link
      to="/login"
    >
      Back to login
    </Link>
  </div>
</form>
`;
